Admin=ROLE_ADMIN Prof=ROLE_PROFESOR Est=ROLE_ESTUDIANTE
